exam@c05l0115:~$ mkdir Pratyushb
exam@c05l0115:~$ ls
123.txt
12.c
12.c~
12.cpp
12.cpp~
13.cpp
13.cpp~
1.c
1.c~
2b.c
2b.c~
2.c
2.c~
3154197
3.c~
4.c
4.c~
5.c
5.c~
a
a1.txt
a1.txt~
a2.txt
aaaa.c
aaaa.c~
aaa.c
aaa.c~
aah.c
aarya
abc
ABC
ABC~
abc1
abc1.c
abc1.c~
abc.c
abc.c~
abcd~
abc.txt
ab.sh
ab.sh~
a.c
a.c~
add.cpp
add.cpp~
adi.c
adrbook.sh
a.java~
akak.c
ak.cpp
ak.cpp~
anc.c
an integer and optional unit (example: 10M is 10*1024*1024).  Units are K, M, G, T, P, E, Z, Y (powers of 1024)  or  KB,  MB,
anu
a.out
arey.c
arey.c~
arpit.c
arpit.c~
array.c
array.c~
arya
arya1.txt
arya.txt
arya.txt~
as14.cpp
asd.c
asd.c~
asdf.c
asdf.c~
ass9.c
ass9.c~
assig.8.c
assig.8.c~
assignment 10 108043
assignment1_108043
Assignment 1_108062.c
assignment11_110065.c
assignment11_110065.c~
assignment12_108056.c
assignment12.c
assignment13_108037.cpp
assignment13_110065.cpp
assignment13_110065.cpp~
Assignment14_108053.cpp
Assignment14_108053.cpp~
Assignment14_108054.cpp
assignment14_110065.cpp
assignment14_110065.cpp~
Assignment15_108053.cpp
Assignment15_108054.cpp
Assignment15_112056.cpp
Assignment15_112056.cpp~
assignment3_108043
assignment7_108037.c
assignment9_110065.c
assignment9_110065.c~
Assingnment13_112056.cpp
Assingnment13_112056.cpp~
Assingnment14_112056.cpp
Assingnment14_112056.cpp~
asssignment8_108043.c
b
bb
bbbb.c
bbbb.c~
bc.c
bc.c~
beast
beast.c
beast.c~
binary.c
binary.c~
book.c
book.c~
break
bs
c
calcc.c
calc.cpp
calc.cpp~
cal.cpp
cal.cpp~
calculator.c
calculator.c~
c++.c
c++.c~
ch.c
ch.c~
child.c~
class.cpp
class.cpp~
cmd.sh
conflat.c~
cons.cpp
cons.cpp~
const1.cpp
const1.cpp~
const.cpp
const.cpp~
cr7
cs
cs~
cs123
cs.c
cs.c~
csit assignment 1.odt
csit.txt
d
data
database
DB9
deja-dup
dell.c
dello.c
dello.c~
Desktop
Pratyushb
dhiren.c
dhiren.c~
Documents
Downloads
e.cpp
e.cpp~
efgh
efgh~
er.c
er.c~
examples
f
f11.c
f12.c
f1.c
f1.c~
f2.c
f2.c~
f3.c
f3.c~
f4.c
f4.c~
fact.c
fact.c~
factfact.c
factorial.c
factorial.c~
faradays.odt
f.c
f.c~
file1
file10.txt
file1.txt
file2
file2.c
file2.c~
file.c
file.c~
filey
first.sh
function
h
har19.c
har19.c~
harry19.c
harry19.c~
hcgf.cpp
hel.c
hel.c~
hello.c
hello.c~
helper.c
helper.c~
input.txt~
iop
is equivalent to calling
jay
jayshaunak
khosaa.txt
khosaa.txt~
khosa.txt
khosa.txt~
kjo
kjol
largest.sh
largest.sh~
linux
linux.txt.save
lmn
lmnop
macro.c~
madhura
mangesh
me.c~
merge1.c
merge.c
merge.c~
mm
mm.c
mm.c~
mnt.c~
Music
mydir
myprog.c
myprog.c~
nano.save
numbers.sh
o
ob
oiu
oop
oop.c
oop.c~
op
opert
opl.c
opl.c~
os
os10.txt
os10.txt~
os2
OS_assignment
ot
out
p
p1.sh
p1.sh.save
p1.txt
p2.sh
p4.sh
p5.sh
p6.sh
patil.c
patil.c~
pc
pc.c
pc.c~
permisson.sh
pics.c
pics.c~
Pictures
pointer.c
pointer.c~
pointers.c
pointers.c~
pplm.c
pplm.c~
pqr
pqr~
pradeep
pradeep1.txt
program.text
program.txt
Public
qasw.cpp
qasw.cpp~
qaswe.cpp
qaswed.cpp
qer.txt
quick1.c
quick1.c~
quick3.c
quick.c~
qwer.txt
r1.sh
raayy.c
raayy.c~
rad1.c
rad.c
rad.c~
ray
rg
ritesh1.c
ritesh1.c~
ritesh.c
ritesh.c~
sample.txt~
sas.c
sas.c~
sd.c
shan11.c
shan11.c~
shan11.txt
shan12.c
shan12.c~
shan13a.cpp
shan13a.cpp~
shan13..c
shan13.cpp
shan13.cpp~
shan14a.cpp
shan14a.cpp~
shan14.cpp
shan14.cpp~
shan1.c
shan1.c~
shan2.c
shan2.c~
shan3.c
shan3.c~
shan4.c
shan4.c~
shan5.c
shan5.c~
shan6.c
shan6.c~
shan9.c
shan9.c~
shan.c
shan.c~
shankar1.c
shankar2.c
shankar2.c~
shankar3.c
shankar3.c~
shankar.c
shankar.c~
shaunak
sh.sh.save
shubh
shubh~
SinglePass.c~
skwy
skwy.exe
smk
sort
sort.c
ss
ssd.c
sss.c
sss.c~
st.c
st.c~
str.cpp
string.c~
structure.c
studentclass.cpp
swap.c
swap.c~
switch
switch.cpp
switch.cpp~
switch.sh
tcpclient.c~
TE-IT
tejas11.c
tejas11.c~
tejas12.c
tejas12.c~
tejas1.c
tejas1.c~
tejas2.c
tejas2.c~
tejas3.c
tejas3.c~
tejas.c
tejas.c~
temp
temp.db
Templates
test
test.c
test.c~
test\sort
tonystark.c
tonystark.c~
txt1.sh
txt.sh
Untitled Document
Untitled Document 1
Untitled Document 1~
Untitled Document 1.cpp
Videos
vowel.c
vowel.c~
weather.cpp~
well
wer.c
wer.c~
what
while1.sh
workspace
xyz.c
xyz.c~
xyz.sh
y
yashk.c
y.c
y.c~
yolo.c
yolo.c~
exam@c05l0115:~$ cd Pratyushb
exam@c05l0115:~/Pratyushb$ touch file1.txt
exam@c05l0115:~/Pratyushb$ cat > file1.txt
This file Belong to Pratyushb Bhawsar
DIV 2
102059
^Z
[1]+  Stopped                 cat > file1.txt
exam@c05l0115:~/Pratyushb$ touch file2.txt
exam@c05l0115:~/Pratyushb$ cat > file2.txt
FY BTECH
Chemical Engineering
^Z
[2]+  Stopped                 cat > file2.txt
exam@c05l0115:~/Pratyushb$ cat file1.txt
This file Belong to Pratyushb bhawsar
DIV 2
102059
exam@c05l0115:~/Pratyushb$ cat file2.txt
FY BTECH
chemical engineering
exam@c05l0115:~/Pratyushb$ cat file1 file2.txt
cat: file1: No such file or directory
FY BTECH
Chemical Engineering
exam@c05l0115:~/Pratyushb$ cat file1.txt file2.txt
This file Belong to Pratyushb bhawsar
DIV 2
102059
FY BTECH
Chemical Engineering
exam@c05l0115:~/Pratyushb$ mkdir man
exam@c05l0115:~/Pratyushb$ cp file1.txt man
exam@c05l0115:~/Pratyushb$ cd man
exam@c05l0115:~/Pratyushb/man$ ls man
ls: cannot access man: No such file or directory
exam@c05l0115:~/Pratyushb/man$ ls
file1.txt
exam@c05l0115:~/Pratyushb/man$ cp file1.txt /home/exam/ray
exam@c05l0115:~/Pratyushb/man$ cd
exam@c05l0115:~$ cd ray
exam@c05l0115:~/ray$ ls
file1.txt  ray  sss
exam@c05l0115:~/ray$ cd
exam@c05l0115:~$ cd Pratyushb
exam@c05l0115:~/Pratyushb$ cd man
exam@c05l0115:~/Pratyushb/man$ rm file1.txt
exam@c05l0115:~/Pratyushb/man$ cd ..
exam@c05l0115:~/Pratyushb$ rm -r man
exam@c05l0115:~/Pratyushb$ ls
file1.txt  file2.txt
exam@c05l0115:~/Pratyushb$ ls -a
.  ..  file1.txt  file2.txt
exam@c05l0115:~/Pratyushb$ ls -t
file2.txt  file1.txt
exam@c05l0115:~/Pratyushb$ ls -s
total 8
4 file1.txt  4 file2.txt
exam@c05l0115:~/Pratyushb$ ls -S
file1.txt  file2.txt
exam@c05l0115:~/Pratyushb$ ls -l
total 8
-rw-rw-r-- 1 exam exam 47 Nov 14 15:15 file1.txt
-rw-rw-r-- 1 exam exam 40 Nov 14 15:16 file2.txt
exam@c05l0115:~/Pratyushb$ *
file1.txt: command not found
exam@c05l0115:~/Pratyushb$ ls *
file1.txt  file2.txt
exam@c05l0115:~/Pratyushb$ ls *.txt
file1.txt  file2.txt
exam@c05l0115:~/Pratyushb$ pwd
/home/exam/Pratyushb
exam@c05l0115:~/Pratyushb$ date
Tue Nov 14 15:21:13 IST 2017
exam@c05l0115:~/Pratyushb$ echo hello\
> 
hello
exam@c05l0115:~/Pratyushb$ chmod 200 file1.txt
exam@c05l0115:~/Pratyushb$ ls -l
total 8
--w------- 1 exam exam 47 Nov 14 15:15 file1.txt
-rw-rw-r-- 1 exam exam 40 Nov 14 15:16 file2.txt
exam@c05l0115:~/Pratyushb$ date
Tue Nov 14 15:22:08 IST 2017
exam@c05l0115:~/Pratyushb$ cal -3
                            2017
      October               November              December        
Su Mo Tu We Th Fr Sa  Su Mo Tu We Th Fr Sa  Su Mo Tu We Th Fr Sa  
 1  2  3  4  5  6  7            1  2  3  4                  1  2  
 8  9 10 11 12 13 14   5  6  7  8  9 10 11   3  4  5  6  7  8  9  
15 16 17 18 19 20 21  12 13 14 15 16 17 18  10 11 12 13 14 15 16  
22 23 24 25 26 27 28  19 20 21 22 23 24 25  17 18 19 20 21 22 23  
29 30 31              26 27 28 29 30        24 25 26 27 28 29 30  
                                            31                    
exam@c05l0115:~/Pratyushb$ 

